ets Jul 29 2019 12:21:46

rst:0x1 (POWERON_RESET),boï¿½ets Jul 29 2019 12:21:46

rst:0x1 (POWERON_RESET),boot:0x13 (SPI_FAST_FLASH_BOOT)
configsip: 0, SPIWP:0xee
clk_drv:0x00,q_drv:0x00,d_drv:0x00,cs0_drv:0x00,hd_drv:0x00,wp_drv:0x00
mode:DIO, clock div:2
load:0x3fff0030,len:7176
load:0x40078000,len:15564
ho 0 tail 12 room 4
load:0x40080400,len:4
load:0x40080404,len:3904
entry 0x40080640
[0;32mI (31) boot: ESP-IDF v5.3.2 2nd stage bootloader[0m
[0;32mI (31) boot: compile time Dec 29 2024 21:54:45[0m
[0;32mI (31) boot: Multicore bootloader[0m
[0;32mI (35) boot: chip revision: v3.1[0m
[0;32mI (39) boot.esp32: SPI Speed      : 40MHz[0m
[0;32mI (44) boot.esp32: SPI Mode       : DIO[0m
[0;32mI (48) boot.esp32: SPI Flash Size : 2MB[0m
[0;32mI (53) boot: Enabling RNG early entropy source...[0m
[0;32mI (58) boot: Partition Table:[0m
[0;32mI (62) boot: ## Label            Usage          Type ST Offset   Length[0m
[0;32mI (69) boot:  0 nvs              WiFi data        01 02 00009000 00006000[0m
[0;32mI (77) boot:  1 phy_init         RF data          01 01 0000f000 00001000[0m
[0;32mI (84) boot:  2 factory          factory app      00 00 00010000 00100000[0m
[0;32mI (92) boot: End of partition table[0m
[0;32mI (96) esp_image: segment 0: paddr=00010020 vaddr=3f400020 size=09b4ch ( 39756) map[0m
[0;32mI (118) esp_image: segment 1: paddr=00019b74 vaddr=3ff80000 size=00004h (     4) load[0m
[0;32mI (118) esp_image: segment 2: paddr=00019b80 vaddr=3ffb0000 size=0231ch (  8988) load[0m
[0;32mI (127) esp_image: segment 3: paddr=0001bea4 vaddr=40080000 size=04174h ( 16756) load[0m
[0;32mI (139) esp_image: segment 4: paddr=00020020 vaddr=400d0020 size=14adch ( 84700) map[0m
[0;32mI (170) esp_image: segment 5: paddr=00034b04 vaddr=40084174 size=08944h ( 35140) load[0m
[0;32mI (190) boot: Loaded app from partition at offset 0x10000[0m
[0;32mI (190) boot: Disabling RNG early entropy source...[0m
[0;32mI (203) cpu_start: Multicore app[0m
[0;32mI (211) cpu_start: Pro cpu start user code[0m
[0;32mI (211) cpu_start: cpu freq: 160000000 Hz[0m
[0;32mI (211) app_init: Application information:[0m
[0;32mI (214) app_init: Project name:     main[0m
[0;32mI (219) app_init: App version:      f389bc8-dirty[0m
[0;32mI (224) app_init: Compile time:     Dec 29 2024 21:54:38[0m
[0;32mI (230) app_init: ELF file SHA256:  54d3164dd...[0m
[0;32mI (235) app_init: ESP-IDF:          v5.3.2[0m
[0;32mI (240) efuse_init: Min chip rev:     v0.0[0m
[0;32mI (245) efuse_init: Max chip rev:     v3.99 [0m
[0;32mI (250) efuse_init: Chip rev:         v3.1[0m
[0;32mI (255) heap_init: Initializing. RAM available for dynamic allocation:[0m
[0;32mI (262) heap_init: At 3FFAE6E0 len 00001920 (6 KiB): DRAM[0m
[0;32mI (268) heap_init: At 3FFB2C08 len 0002D3F8 (180 KiB): DRAM[0m
[0;32mI (274) heap_init: At 3FFE0440 len 00003AE0 (14 KiB): D/IRAM[0m
[0;32mI (280) heap_init: At 3FFE4350 len 0001BCB0 (111 KiB): D/IRAM[0m
[0;32mI (287) heap_init: At 4008CAB8 len 00013548 (77 KiB): IRAM[0m
[0;32mI (295) spi_flash: detected chip: generic[0m
[0;32mI (298) spi_flash: flash io: dio[0m
[0;33mW (302) spi_flash: Detected size(4096k) larger than the size in the binary image header(2048k). Using the size in the binary image header.[0m
[0;32mI (315) main_task: Started on CPU0[0m
[0;32mI (325) main_task: Calling app_main()[0m
Dout: 0.962
Dout: 0.951
Dout: 0.952
Dout: 0.947
Dout: 0.953
Dout: 0.944
Dout: 0.949
Dout: 0.949
Dout: 0.946
Dout: 0.954
Dout: 0.943
Dout: 0.955
Dout: 1.048
Dout: 1.102
Dout: 1.115
Dout: 1.110
Dout: 1.115
Dout: 1.110
Dout: 1.113
Dout: 1.122
Dout: 1.116
Dout: 1.011
Dout: 1.104
Dout: 1.123
Dout: 1.132
Dout: 1.123
Dout: 1.127
Dout: 1.133
Dout: 1.126
Dout: 1.134
Dout: 1.123
Dout: 1.127
Dout: 1.130
Dout: 1.123
Dout: 1.133
Dout: 1.124
Dout: 1.130
Dout: 1.131
Dout: 1.126
Dout: 1.135
Dout: 1.124
Dout: 1.133
Dout: 1.131
Dout: 1.132
Dout: 1.136
Dout: 1.133
Dout: 1.143
Dout: 1.135
Dout: 1.137
Dout: 1.144
Dout: 1.135
Dout: 1.140
Dout: 1.136
Dout: 1.139
Dout: 1.145
Dout: 1.135
Dout: 1.139
Dout: 1.135
Dout: 1.139
Dout: 1.145
Dout: 1.135
Dout: 1.145
Dout: 1.137
Dout: 1.139
Dout: 1.140
Dout: 1.139
Dout: 1.147
Dout: 1.139
Dout: 1.146
Dout: 1.139
Dout: 1.145
Dout: 1.148
Dout: 1.140
Dout: 1.148
Dout: 1.140
Dout: 1.146
Dout: 1.140
Dout: 1.145
Dout: 1.148
Dout: 1.144
Dout: 1.148
Dout: 1.144
Dout: 1.148
Dout: 1.142
Dout: 1.146
Dout: 1.148
Dout: 1.144
Dout: 1.148
Dout: 1.144
Dout: 1.149
Dout: 1.148
Dout: 1.148
Dout: 1.157
Dout: 1.148
Dout: 1.154
Dout: 1.147
Dout: 1.150
Dout: 1.148
Dout: 1.143
Dout: 1.139
Dout: 0.982
Dout: 0.980
Dout: 0.968
Dout: 0.973
Dout: 0.966
Dout: 0.969
Dout: 0.969
Dout: 0.967
Dout: 1.115
Dout: 1.126
Dout: 1.135
Dout: 1.184
Dout: 1.147
Dout: 1.146
Dout: 1.165
Dout: 1.147
Dout: 1.139
Dout: 1.144
Dout: 1.152
Dout: 1.134
Dout: 0.791
Dout: 0.549
Dout: 0.445
Dout: 0.363
Dout: 0.297
Dout: 0.250
Dout: 0.220
Dout: 0.193
Dout: 0.168
Dout: 0.158
Dout: 0.157
Dout: 0.164
Dout: 0.168
Dout: 0.168
Dout: 0.169
Dout: 0.183
Dout: 0.214
Dout: 0.193
Dout: 0.185
Dout: 0.189
Dout: 0.180
Dout: 0.193
Dout: 1.005
Dout: 1.096
Dout: 1.119
Dout: 1.122
Dout: 1.138
Dout: 1.132
Dout: 1.143
Dout: 1.135
Dout: 1.124
Dout: 0.593
Dout: 0.387
Dout: 0.322
Dout: 0.302
Dout: 0.280
Dout: 0.271
Dout: 0.266
Dout: 0.802
Dout: 1.094
Dout: 1.127
Dout: 1.127
Dout: 1.135
Dout: 1.135
Dout: 1.140
Dout: 1.148
Dout: 1.139
Dout: 1.143
Dout: 1.135
Dout: 1.137
Dout: 1.146
Dout: 1.140
Dout: 1.146
Dout: 1.142
Dout: 1.144
Dout: 1.148
Dout: 1.142
Dout: 1.148
Dout: 1.143
Dout: 1.146
Dout: 1.148
Dout: 1.144
Dout: 1.148
Dout: 1.139
Dout: 1.145
Dout: 1.148
Dout: 1.144
Dout: 1.148
Dout: 1.143
Dout: 1.148
Dout: 1.144
Dout: 1.147
Dout: 1.152
Dout: 1.146
Dout: 1.149
Dout: 1.147
Dout: 1.151
Dout: 1.152
Dout: 1.149
Dout: 1.154
Dout: 1.148
Dout: 1.149
Dout: 1.148
Dout: 1.148
Dout: 1.156
Dout: 1.148
Dout: 1.156
Dout: 1.149
Dout: 1.157
Dout: 1.157
Dout: 1.153
Dout: 1.161
Dout: 1.150
Dout: 1.157
Dout: 1.151
Dout: 1.157
Dout: 1.156
Dout: 1.156
Dout: 1.161
Dout: 1.152
Dout: 1.162
Dout: 1.153
Dout: 1.161
Dout: 1.156
Dout: 1.159
Dout: 1.160
Dout: 1.158
Dout: 1.163
Dout: 1.156
Dout: 1.161
Dout: 1.152
Dout: 1.159
Dout: 1.153
Dout: 1.156
Dout: 1.159
Dout: 1.153
Dout: 1.162
Dout: 1.150
Dout: 1.158
Dout: 1.152
Dout: 1.154
Dout: 1.160
Dout: 1.152
Dout: 1.160
Dout: 1.148
Dout: 1.159
Dout: 1.160
Dout: 1.158
Dout: 1.164
Dout: 1.158
Dout: 1.161
Dout: 1.155
Dout: 1.160
Dout: 1.160
Dout: 1.156
Dout: 1.164
Dout: 1.158
Dout: 1.163
Dout: 1.155
Dout: 1.156
Dout: 1.156
Dout: 1.159
Dout: 1.161
Dout: 1.156
Dout: 1.165
Dout: 1.152
Dout: 1.163
Dout: 1.156
Dout: 1.160
Dout: 1.161
Dout: 1.159
Dout: 1.164
Dout: 1.156
Dout: 1.161
Dout: 1.153
Dout: 1.160
Dout: 1.156
Dout: 1.156
Dout: 1.160
Dout: 1.155
Dout: 1.160
Dout: 1.153
Dout: 1.160
Dout: 1.149
Dout: 1.155
Dout: 1.156
Dout: 1.150
Dout: 1.160
Dout: 1.149
Dout: 1.156
Dout: 1.148
Dout: 1.152
Dout: 1.153
Dout: 1.152
Dout: 1.156
Dout: 1.148
Dout: 1.157
Dout: 1.146
Dout: 1.142
Dout: 0.982
Dout: 0.967
Dout: 0.957
Dout: 0.973
Dout: 1.096
Dout: 1.100
Dout: 1.106
Dout: 1.095
Dout: 1.101
Dout: 1.093
Dout: 1.097
Dout: 1.094
Dout: 1.090
Dout: 1.072
Dout: 1.055
Dout: 1.096
Dout: 1.093
Dout: 1.096
Dout: 1.085
Dout: 1.091
Dout: 1.083
